// Jest Snapshot v1, https://goo.gl/fbAQLP

exports[`Home Screen renders the home screen 1`] = `
<View
  style={
    Object {
      "backgroundColor": "white",
      "flex": 1,
    }
  }
>
  <View
    style={
      Array [
        Object {
          "overflow": "hidden",
        },
        Object {
          "backgroundColor": "#3C5C82",
        },
        Object {
          "height": 100,
          "paddingBottom": 10,
          "paddingTop": 10,
        },
      ]
    }
  >
    <View
      onLayout={[Function]}
      style={
        Array [
          Object {
            "flex": 1,
          },
          Object {
            "height": 0,
          },
        ]
      }
    >
      <View>
        <Text
          allowFontScaling={true}
          style={
            Array [
              Object {
                "alignSelf": "center",
                "fontWeight": "bold",
                "textAlign": "center",
              },
              Object {
                "fontSize": 0,
              },
              Object {
                "color": "white",
              },
            ]
          }
        >
          January 2020
        </Text>
      </View>
      <View
        style={
          Object {
            "flex": 1,
            "flexDirection": "row",
            "justifyContent": "space-between",
          }
        }
      >
        <View
          accessible={true}
          focusable={true}
          isTVSelectable={true}
          onClick={[Function]}
          onResponderGrant={[Function]}
          onResponderMove={[Function]}
          onResponderRelease={[Function]}
          onResponderTerminate={[Function]}
          onResponderTerminationRequest={[Function]}
          onStartShouldSetResponder={[Function]}
          style={
            Object {
              "alignItems": "center",
              "alignSelf": "center",
              "flex": 0.1,
              "justifyContent": "center",
              "opacity": 1,
            }
          }
        >
          <Image
            source={1}
            style={
              Array [
                Object {
                  "resizeMode": "contain",
                },
                Object {
                  "height": 0,
                  "width": 0,
                },
                undefined,
                undefined,
                Object {
                  "opacity": 1,
                },
              ]
            }
          />
        </View>
        <View
          style={
            Object {
              "alignItems": "center",
              "flex": 1,
              "flexDirection": "row",
              "justifyContent": "center",
            }
          }
        >
          <View
            style={
              Object {
                "flex": 1,
                "opacity": 0,
              }
            }
          >
            <View
              accessible={true}
              focusable={true}
              isTVSelectable={true}
              onClick={[Function]}
              onResponderGrant={[Function]}
              onResponderMove={[Function]}
              onResponderRelease={[Function]}
              onResponderTerminate={[Function]}
              onResponderTerminationRequest={[Function]}
              onStartShouldSetResponder={[Function]}
              style={
                Object {
                  "opacity": 1,
                }
              }
            >
              <View
                style={
                  Array [
                    Object {
                      "alignItems": "center",
                      "alignSelf": "center",
                      "justifyContent": "center",
                    },
                    Object {
                      "borderRadius": 0,
                      "height": 0,
                      "padding": 0,
                      "width": 0,
                    },
                    Array [
                      Object {
                        "backgroundColor": "transparent",
                      },
                    ],
                  ]
                }
              >
                <Text
                  allowFontScaling={true}
                  style={
                    Array [
                      Object {
                        "fontSize": 0,
                      },
                      Array [
                        Object {
                          "textAlign": "center",
                        },
                        Object {
                          "color": "#9CADC1",
                        },
                      ],
                    ]
                  }
                >
                  MON
                </Text>
                <View>
                  <Text
                    allowFontScaling={true}
                    style={
                      Array [
                        Object {
                          "fontSize": 0,
                        },
                        Array [
                          Object {
                            "fontWeight": "bold",
                            "textAlign": "center",
                          },
                          Object {
                            "color": "#9CADC1",
                          },
                        ],
                      ]
                    }
                  >
                    13
                  </Text>
                </View>
              </View>
            </View>
          </View>
          <View
            style={
              Object {
                "flex": 1,
                "opacity": 0,
              }
            }
          >
            <View
              accessible={true}
              focusable={true}
              isTVSelectable={true}
              onClick={[Function]}
              onResponderGrant={[Function]}
              onResponderMove={[Function]}
              onResponderRelease={[Function]}
              onResponderTerminate={[Function]}
              onResponderTerminationRequest={[Function]}
              onStartShouldSetResponder={[Function]}
              style={
                Object {
                  "opacity": 1,
                }
              }
            >
              <View
                style={
                  Array [
                    Object {
                      "alignItems": "center",
                      "alignSelf": "center",
                      "justifyContent": "center",
                    },
                    Object {
                      "borderRadius": 0,
                      "height": 0,
                      "padding": 0,
                      "width": 0,
                    },
                    Array [
                      Object {
                        "backgroundColor": "transparent",
                      },
                      Object {
                        "backgroundColor": "#ffffff1f",
                      },
                    ],
                  ]
                }
              >
                <Text
                  allowFontScaling={true}
                  style={
                    Array [
                      Object {
                        "fontSize": 0,
                      },
                      Array [
                        Object {
                          "textAlign": "center",
                        },
                        Object {
                          "color": "white",
                        },
                      ],
                    ]
                  }
                >
                  TUE
                </Text>
                <View>
                  <Text
                    allowFontScaling={true}
                    style={
                      Array [
                        Object {
                          "fontSize": 0,
                        },
                        Array [
                          Object {
                            "fontWeight": "bold",
                            "textAlign": "center",
                          },
                          Object {
                            "color": "white",
                          },
                        ],
                      ]
                    }
                  >
                    14
                  </Text>
                </View>
              </View>
            </View>
          </View>
          <View
            style={
              Object {
                "flex": 1,
                "opacity": 0,
              }
            }
          >
            <View
              accessible={true}
              focusable={true}
              isTVSelectable={true}
              onClick={[Function]}
              onResponderGrant={[Function]}
              onResponderMove={[Function]}
              onResponderRelease={[Function]}
              onResponderTerminate={[Function]}
              onResponderTerminationRequest={[Function]}
              onStartShouldSetResponder={[Function]}
              style={
                Object {
                  "opacity": 1,
                }
              }
            >
              <View
                style={
                  Array [
                    Object {
                      "alignItems": "center",
                      "alignSelf": "center",
                      "justifyContent": "center",
                    },
                    Object {
                      "borderRadius": 0,
                      "height": 0,
                      "padding": 0,
                      "width": 0,
                    },
                    Array [
                      Object {
                        "backgroundColor": "transparent",
                      },
                    ],
                  ]
                }
              >
                <Text
                  allowFontScaling={true}
                  style={
                    Array [
                      Object {
                        "fontSize": 0,
                      },
                      Array [
                        Object {
                          "textAlign": "center",
                        },
                        Object {
                          "color": "#9CADC1",
                        },
                      ],
                    ]
                  }
                >
                  WED
                </Text>
                <View>
                  <Text
                    allowFontScaling={true}
                    style={
                      Array [
                        Object {
                          "fontSize": 0,
                        },
                        Array [
                          Object {
                            "fontWeight": "bold",
                            "textAlign": "center",
                          },
                          Object {
                            "color": "#9CADC1",
                          },
                        ],
                      ]
                    }
                  >
                    15
                  </Text>
                </View>
              </View>
            </View>
          </View>
          <View
            style={
              Object {
                "flex": 1,
                "opacity": 0,
              }
            }
          >
            <View
              accessible={true}
              focusable={true}
              isTVSelectable={true}
              onClick={[Function]}
              onResponderGrant={[Function]}
              onResponderMove={[Function]}
              onResponderRelease={[Function]}
              onResponderTerminate={[Function]}
              onResponderTerminationRequest={[Function]}
              onStartShouldSetResponder={[Function]}
              style={
                Object {
                  "opacity": 1,
                }
              }
            >
              <View
                style={
                  Array [
                    Object {
                      "alignItems": "center",
                      "alignSelf": "center",
                      "justifyContent": "center",
                    },
                    Object {
                      "borderRadius": 0,
                      "height": 0,
                      "padding": 0,
                      "width": 0,
                    },
                    Array [
                      Object {
                        "backgroundColor": "transparent",
                      },
                    ],
                  ]
                }
              >
                <Text
                  allowFontScaling={true}
                  style={
                    Array [
                      Object {
                        "fontSize": 0,
                      },
                      Array [
                        Object {
                          "textAlign": "center",
                        },
                        Object {
                          "color": "#9CADC1",
                        },
                      ],
                    ]
                  }
                >
                  THU
                </Text>
                <View>
                  <Text
                    allowFontScaling={true}
                    style={
                      Array [
                        Object {
                          "fontSize": 0,
                        },
                        Array [
                          Object {
                            "fontWeight": "bold",
                            "textAlign": "center",
                          },
                          Object {
                            "color": "#9CADC1",
                          },
                        ],
                      ]
                    }
                  >
                    16
                  </Text>
                </View>
              </View>
            </View>
          </View>
          <View
            style={
              Object {
                "flex": 1,
                "opacity": 0,
              }
            }
          >
            <View
              accessible={true}
              focusable={true}
              isTVSelectable={true}
              onClick={[Function]}
              onResponderGrant={[Function]}
              onResponderMove={[Function]}
              onResponderRelease={[Function]}
              onResponderTerminate={[Function]}
              onResponderTerminationRequest={[Function]}
              onStartShouldSetResponder={[Function]}
              style={
                Object {
                  "opacity": 1,
                }
              }
            >
              <View
                style={
                  Array [
                    Object {
                      "alignItems": "center",
                      "alignSelf": "center",
                      "justifyContent": "center",
                    },
                    Object {
                      "borderRadius": 0,
                      "height": 0,
                      "padding": 0,
                      "width": 0,
                    },
                    Array [
                      Object {
                        "backgroundColor": "transparent",
                      },
                    ],
                  ]
                }
              >
                <Text
                  allowFontScaling={true}
                  style={
                    Array [
                      Object {
                        "fontSize": 0,
                      },
                      Array [
                        Object {
                          "textAlign": "center",
                        },
                        Object {
                          "color": "#9CADC1",
                        },
                      ],
                    ]
                  }
                >
                  FRI
                </Text>
                <View>
                  <Text
                    allowFontScaling={true}
                    style={
                      Array [
                        Object {
                          "fontSize": 0,
                        },
                        Array [
                          Object {
                            "fontWeight": "bold",
                            "textAlign": "center",
                          },
                          Object {
                            "color": "#9CADC1",
                          },
                        ],
                      ]
                    }
                  >
                    17
                  </Text>
                </View>
              </View>
            </View>
          </View>
          <View
            style={
              Object {
                "flex": 1,
                "opacity": 0,
              }
            }
          >
            <View
              accessible={true}
              focusable={true}
              isTVSelectable={true}
              onClick={[Function]}
              onResponderGrant={[Function]}
              onResponderMove={[Function]}
              onResponderRelease={[Function]}
              onResponderTerminate={[Function]}
              onResponderTerminationRequest={[Function]}
              onStartShouldSetResponder={[Function]}
              style={
                Object {
                  "opacity": 1,
                }
              }
            >
              <View
                style={
                  Array [
                    Object {
                      "alignItems": "center",
                      "alignSelf": "center",
                      "justifyContent": "center",
                    },
                    Object {
                      "borderRadius": 0,
                      "height": 0,
                      "padding": 0,
                      "width": 0,
                    },
                    Array [
                      Object {
                        "backgroundColor": "transparent",
                      },
                    ],
                  ]
                }
              >
                <Text
                  allowFontScaling={true}
                  style={
                    Array [
                      Object {
                        "fontSize": 0,
                      },
                      Array [
                        Object {
                          "textAlign": "center",
                        },
                        Object {
                          "color": "#9CADC1",
                        },
                      ],
                    ]
                  }
                >
                  SAT
                </Text>
                <View>
                  <Text
                    allowFontScaling={true}
                    style={
                      Array [
                        Object {
                          "fontSize": 0,
                        },
                        Array [
                          Object {
                            "fontWeight": "bold",
                            "textAlign": "center",
                          },
                          Object {
                            "color": "#9CADC1",
                          },
                        ],
                      ]
                    }
                  >
                    18
                  </Text>
                </View>
              </View>
            </View>
          </View>
          <View
            style={
              Object {
                "flex": 1,
                "opacity": 0,
              }
            }
          >
            <View
              accessible={true}
              focusable={true}
              isTVSelectable={true}
              onClick={[Function]}
              onResponderGrant={[Function]}
              onResponderMove={[Function]}
              onResponderRelease={[Function]}
              onResponderTerminate={[Function]}
              onResponderTerminationRequest={[Function]}
              onStartShouldSetResponder={[Function]}
              style={
                Object {
                  "opacity": 1,
                }
              }
            >
              <View
                style={
                  Array [
                    Object {
                      "alignItems": "center",
                      "alignSelf": "center",
                      "justifyContent": "center",
                    },
                    Object {
                      "borderRadius": 0,
                      "height": 0,
                      "padding": 0,
                      "width": 0,
                    },
                    Array [
                      Object {
                        "backgroundColor": "transparent",
                      },
                    ],
                  ]
                }
              >
                <Text
                  allowFontScaling={true}
                  style={
                    Array [
                      Object {
                        "fontSize": 0,
                      },
                      Array [
                        Object {
                          "textAlign": "center",
                        },
                        Object {
                          "color": "#9CADC1",
                        },
                      ],
                    ]
                  }
                >
                  SUN
                </Text>
                <View>
                  <Text
                    allowFontScaling={true}
                    style={
                      Array [
                        Object {
                          "fontSize": 0,
                        },
                        Array [
                          Object {
                            "fontWeight": "bold",
                            "textAlign": "center",
                          },
                          Object {
                            "color": "#9CADC1",
                          },
                        ],
                      ]
                    }
                  >
                    19
                  </Text>
                </View>
              </View>
            </View>
          </View>
        </View>
        <View
          accessible={true}
          focusable={true}
          isTVSelectable={true}
          onClick={[Function]}
          onResponderGrant={[Function]}
          onResponderMove={[Function]}
          onResponderRelease={[Function]}
          onResponderTerminate={[Function]}
          onResponderTerminationRequest={[Function]}
          onStartShouldSetResponder={[Function]}
          style={
            Object {
              "alignItems": "center",
              "alignSelf": "center",
              "flex": 0.1,
              "justifyContent": "center",
              "opacity": 1,
            }
          }
        >
          <Image
            source={1}
            style={
              Array [
                Object {
                  "resizeMode": "contain",
                },
                Object {
                  "height": 0,
                  "width": 0,
                },
                undefined,
                undefined,
                Object {
                  "opacity": 1,
                },
              ]
            }
          />
        </View>
      </View>
    </View>
  </View>
</View>
`;
